<html>
<body>
<pre>
<h1>µVision Build Log</h1>
<h2>Project:</h2>
C:\Users\Student.DESKTOP-FCF7KD1.000\Desktop\CSEB_45\lab2\lab2_project.uvproj
Project File Date:  01/15/2025

<h2>Output:</h2>
Build target 'Target 1'
linking...
Program Size: Code=28 RO-data=8 RW-data=0 ZI-data=0  
".\lab2_project.axf" - 0 Error(s), 0 Warning(s).
</pre>
</body>
</html>
ded 2 bytes of padding at address 0xa
linking...
Program Size: Code=28 RO-data=8 RW-data=0 ZI-data=0  
".\lab2_project.axf" - 0 Error(s), 2 Warning(s).
Warning(s).
Target not created
 end of file, but found a label named END
".\lab2_project.axf" - 4 Error(s), 1 Warning(s).
Target not created
