<html>
<body>
<pre>
<h1>µVision Build Log</h1>
<h2>Project:</h2>
C:\Users\ES_B2\Desktop\230905370\ES LAB\lab6\proj3\proj3.uvproj
Project File Date:  02/12/2025

<h2>Output:</h2>
Build target 'Target 1'
linking...
Program Size: Code=1396 RO-data=236 RW-data=20 ZI-data=612  
FromELF: creating hex file...
".\proj3.axf" - 0 Error(s), 0 Warning(s).
</pre>
</body>
</html>
=20 ZI-data=612  
FromELF: creating hex file...
".\proj3.axf" - 0 Error(s), 1 Warning(s).
"q3.c" - 0 Error(s), 1 Warning(s).
PC17xx.c...
"system_LPC17xx.c" - 0 Error(s), 0 Warning(s).
3.c(15): error:  #268: declaration may not appear after executable statement in block
                int switchinput = ((LPC_GPIO0->FIOPIN)&(0x01000000))>>12;
q3.c(45): warning:  #1-D: last line of file ends without a newline
  }
q3.c: 1 warning, 1 error
"q3.c" - 1 Error(s), 1 Warning(s).
compiling q3.c...
q3.c(45): warning:  #1-D: last line of file ends without a newline
  }
q3.c: 1 warning, 0 errors
"q3.c" - 0 Error(s), 1 Warning(s).
