<html>
<body>
<pre>
<h1>µVision Build Log</h1>
<h2>Project:</h2>
C:\Users\ES_B2\Documents\230905370\ES LAB\lab3\proj3.uvproj
Project File Date:  01/22/2025

<h2>Output:</h2>
Build target 'Target 1'
linking...
Program Size: Code=96 RO-data=8 RW-data=0 ZI-data=0  
".\proj3.axf" - 0 Error(s), 0 Warning(s).
</pre>
</body>
</html>
ze: Code=96 RO-data=8 RW-data=0 ZI-data=0  
".\proj3.axf" - 0 Error(s), 1 Warning(s).
reated
ined or external
".\proj3.axf" - 2 Error(s), 1 Warning(s).
Target not created
