<html>
<body>
<pre>
<h1>µVision Build Log</h1>
<h2>Project:</h2>
C:\Users\ES_B2\Documents\230905370\lab1\proj1.uvproj
Project File Date:  01/08/2025

<h2>Output:</h2>
Build target 'Target 1'
assembling exp4.s...
linking...
Program Size: Code=16 RO-data=8 RW-data=0 ZI-data=0  
".\proj1.axf" - 0 Error(s), 0 Warning(s).
</pre>
</body>
</html>
defined (by addition.o and exp5.o).
.\proj1.axf: Error: L6200E: Symbol __Vectors multiply defined (by exp2.o and exp5.o).
.\proj1.axf: Error: L6200E: Symbol __Vectors multiply defined (by exp3.o and exp5.o).
.\proj1.axf: Error: L6200E: Symbol __Vectors multiply defined (by exp4.o and exp5.o).
.\proj1.axf: Error: L6200E: Symbol Reset_Handler multiply defined (by addition.o and exp5.o).
.\proj1.axf: Error: L6200E: Symbol Reset_Handler multiply defined (by exp2.o and exp5.o).
.\proj1.axf: Error: L6200E: Symbol Reset_Handler multiply defined (by exp3.o and exp5.o).
.\proj1.axf: Error: L6200E: Symbol Reset_Handler multiply defined (by exp4.o and exp5.o).
Not enough information to list image symbols.
Not enough information to list the image map.
Finished: 2 information, 0 warning and 8 error messages.
".\proj1.axf" - 8 Error(s), 0 Warning(s).
Target not created
Error: Could not load file 'C:\Users\ES_B2\Documents\230905370\lab1\proj1.axf'. Debugger aborted !
