<html>
<body>
<pre>
<h1>µVision Build Log</h1>
<h2>Project:</h2>
C:\Users\ES_B2\Desktop\230905370\ES LAB\lab6\proj1\proj1.uvproj
Project File Date:  02/12/2025

<h2>Output:</h2>
Build target 'Target 1'
linking...
Program Size: Code=1380 RO-data=236 RW-data=16 ZI-data=608  
FromELF: creating hex file...
".\proj1.axf" - 0 Error(s), 0 Warning(s).
</pre>
</body>
</html>
): warning:  #1-D: last line of file ends without a newline
  }
q1.c: 1 warning, 0 errors
"q1.c" - 0 Error(s), 1 Warning(s).
D: last line of file ends without a newline
  }
q1.c: 1 warning, 0 errors
"q1.c" - 0 Error(s), 1 Warning(s).
compiling system_LPC17xx.c...
"C:\Keil\ARM\Startup\NXP\LPC17xx\system_LPC17xx.c" - 0 Error(s), 0 Warning(s).
.c: 0 warnings, 4 errors
".\proj1.axf" - 4 Error(s), 0 Warning(s).
Target not created
Keil\ARM\Startup\NXP\LPC17xx\system_LPC17xx.c(408): error:  #18: expected a ")"
   #if (PLL0_SETUP)
C:\Keil\ARM\Startup\NXP\LPC17xx\system_LPC17xx.c(524): error:  #18: expected a ")"
  #if (PLL0_SETUP)
C:\Keil\ARM\Startup\NXP\LPC17xx\system_LPC17xx.c(540): error:  #18: expected a ")"
  #if (PLL1_SETUP)
C:\Keil\ARM\Startup\NXP\LPC17xx\system_LPC17xx.c: 0 warnings, 4 errors
"C:\Keil\ARM\Startup\NXP\LPC17xx\system_LPC17xx.c" - 4 Error(s), 0 Warning(s).
assembling startup_LPC17xx.s...
"startup_LPC17xx.s" - 0 Error(s), 0 Warning(s).
C17xx.h>
q1.c: 1 warning, 0 errors
"q1.c" - 0 Error(s), 1 Warning(s).
compiling q1.c...
q1.c(1): warning:  #1-D: last line of file ends without a newline
  #include <LPC17xx.h>
q1.c: 1 warning, 0 errors
"q1.c" - 0 Error(s), 1 Warning(s).
