<html>
<body>
<pre>
<h1>µVision Build Log</h1>
<h2>Project:</h2>
C:\Users\ES_B2\Documents\230905370\ES LAB\lab5.uvproj
Project File Date:  02/05/2025

<h2>Output:</h2>
Build target 'Target 1'
linking...
Program Size: Code=108 RO-data=8 RW-data=88 ZI-data=0  
".\lab5.axf" - 0 Error(s), 0 Warning(s).
</pre>
</body>
</html>
 opcode to , expecting opcode or Macro
lab5\q1.s(4): error: A1163E: Unknown opcode Gmail , expecting opcode or Macro
lab5\q1.s(5): error: A1163E: Unknown opcode of , expecting opcode or Macro
lab5\q1.s(6): error: A1167E: Invalid line start 
lab5\q1.s(7): error: A1355U: A Label was found which was in no AREA
".\lab5.axf" - 6 Error(s), 0 Warning(s).
Target not created
arget not created
