


ARM Macro Assembler    Page 1 


    1 00000000                 AREA             RESET, DATA, READONLY
    2 00000000                 EXPORT           __Vectors
    3 00000000         __Vectors
    4 00000000 10001000        DCD              0X10001000
    5 00000004 00000000        DCD              Reset_Handler
    6 00000008                 ALIGN            4
    7 00000008                 AREA             mycode, CODE, READONLY
    8 00000000                 ENTRY
    9 00000000                 EXPORT           Reset_Handler
   10 00000000         Reset_Handler
   11 00000000 F000 F81E       BL               REGLOADER
   12 00000004 4819            LDR              R0, =SRC
   13 00000006 4685            MOV              SP, R0
   14 00000008 B00A            ADD              SP, SP, #40
   15 0000000A E92D 07FE       STMDB            SP!, {R1-R10}
   16 0000000E F04F 0100       MOV              R1, #0      ; Outer loop offset
                                                            
   17 00000012         OUTER
   18 00000012 460A            MOV              R2, R1      ; Minimum element i
                                                            ndex
   19 00000014 F101 0304       ADD              R3, R1, #4  ; Inner loop offset
                                                            
   20 00000018         INNER
   21 00000018 5884            LDR              R4, [R0, R2] ; Get min. ele.
   22 0000001A 58C5            LDR              R5, [R0, R3] ; Get current ele.
                                                            
   23 0000001C 42A5            CMP              R5, R4
   24 0000001E BF38 461A       MOVLO            R2, R3      ; If current ele. <
                                                             min. ele., rewrite
                                                             min. index
   25 00000022 F103 0304       ADD              R3, #4      ; Update inner loop
                                                             offset
   26 00000026 2B28            CMP              R3, #40
   27 00000028 D1F6            BNE              INNER       ; if R3 != 40, cont
                                                            inue INNER
   28 0000002A 5886            LDR              R6, [R0, R2]
   29 0000002C 5847            LDR              R7, [R0, R1]
   30 0000002E 5046            STR              R6, [R0, R1]
   31 00000030 5087            STR              R7, [R0, R2] ; Swap current out
                                                            er loop ele. and di
                                                            scovered min. ele.
   32 00000032 F101 0104       ADD              R1, #4      ; Update outer loop
                                                             offset
   33 00000036 2924            CMP              R1, #36
   34 00000038 D1EB            BNE              OUTER       ; if R1 != 36, cont
                                                            inue
   35 0000003A E8BD 07FE       LDM              SP!, {R1-R10}
   36 0000003E         STOP
   37 0000003E E7FE            B                STOP
   38 00000040         REGLOADER
   39 00000040 F04F 0102       MOV              R1, #2
   40 00000044 F04F 0204       MOV              R2, #4
   41 00000048 F04F 0307       MOV              R3, #7
   42 0000004C F04F 0401       MOV              R4, #1
   43 00000050 F04F 0503       MOV              R5, #3
   44 00000054 F04F 0609       MOV              R6, #9
   45 00000058 F04F 0700       MOV              R7, #0
   46 0000005C F04F 0806       MOV              R8, #6
   47 00000060 F04F 0905       MOV              R9, #5



ARM Macro Assembler    Page 2 


   48 00000064 F04F 0A08       MOV              R10, #8
   49 00000068 4770            BX               LR
   50 0000006A 00 00           ALIGN
   51 0000006C 00000000        AREA             mydata, DATA, READWRITE
   52 00000000 00000000 
              00000000 
              00000000 
              00000000 
              00000000 
              00000000 
              00000000 
              00000000 
              00000000 
              00000000 SRC     DCD              0, 0, 0, 0, 0, 0, 0, 0, 0, 0
   53 00000028                 END
Command Line: --debug --xref --cpu=Cortex-M3 --apcs=interwork --depend=.\q4.d -
o.\q4.o -IC:\Keil\ARM\RV31\INC -IC:\Keil\ARM\CMSIS\Include -IC:\Keil\ARM\Inc\NX
P\LPC17xx --predefine="__EVAL SETA 1" --list=.\q4.lst lab5\q4.s



ARM Macro Assembler    Page 1 Alphabetic symbol ordering
Relocatable symbols

RESET 00000000

Symbol: RESET
   Definitions
      At line 1 in file lab5\q4.s
   Uses
      None
Comment: RESET unused
__Vectors 00000000

Symbol: __Vectors
   Definitions
      At line 3 in file lab5\q4.s
   Uses
      At line 2 in file lab5\q4.s
Comment: __Vectors used once
2 symbols



ARM Macro Assembler    Page 1 Alphabetic symbol ordering
Relocatable symbols

INNER 00000018

Symbol: INNER
   Definitions
      At line 20 in file lab5\q4.s
   Uses
      At line 27 in file lab5\q4.s
Comment: INNER used once
OUTER 00000012

Symbol: OUTER
   Definitions
      At line 17 in file lab5\q4.s
   Uses
      At line 34 in file lab5\q4.s
Comment: OUTER used once
REGLOADER 00000040

Symbol: REGLOADER
   Definitions
      At line 38 in file lab5\q4.s
   Uses
      At line 11 in file lab5\q4.s
Comment: REGLOADER used once
Reset_Handler 00000000

Symbol: Reset_Handler
   Definitions
      At line 10 in file lab5\q4.s
   Uses
      At line 5 in file lab5\q4.s
      At line 9 in file lab5\q4.s

STOP 0000003E

Symbol: STOP
   Definitions
      At line 36 in file lab5\q4.s
   Uses
      At line 37 in file lab5\q4.s
Comment: STOP used once
mycode 00000000

Symbol: mycode
   Definitions
      At line 7 in file lab5\q4.s
   Uses
      None
Comment: mycode unused
6 symbols



ARM Macro Assembler    Page 1 Alphabetic symbol ordering
Relocatable symbols

SRC 00000000

Symbol: SRC
   Definitions
      At line 52 in file lab5\q4.s
   Uses
      At line 12 in file lab5\q4.s
Comment: SRC used once
mydata 00000000

Symbol: mydata
   Definitions
      At line 51 in file lab5\q4.s
   Uses
      None
Comment: mydata unused
2 symbols
343 symbols in table
